// Jest Snapshot v1, https://goo.gl/fbAQLP

exports[`snapshot test 1`] = `
<DocumentFragment>
  <div>
    <form>
      <label
        for="todo"
      >
        New Todo: 
      </label>
      <input
        id="todo"
        name="todo"
        placeholder="todo"
        type="text"
        value=""
      />
      <button>
        Add Todo
      </button>
    </form>
    <h3>
      Todo List
    </h3>
  </div>
</DocumentFragment>
`;
